MPLINK 5.09, LINKER
Linker Map File - Created Sun Sep 05 22:27:01 2021

                                 Section Info
                  Section       Type    Address   Location Size(Bytes)
                ---------  ---------  ---------  ---------  ---------
                   .org_0       code   0x000000    program   0x000058
                   .cinit    romdata   0x00002c    program   0x000004



                              Program Memory Usage 
                               Start         End      
                           ---------   ---------      
                            0x000000    0x00002d      
            46 out of 8454 program addresses used, program memory utilization is 0%



                              Symbols - Sorted by Name
                     Name    Address   Location    Storage File                     
                ---------  ---------  ---------  --------- ---------                
                      OP1   0x000013    program     static C:\Users\irank\Downloads\Task1_4-way_traffic_c-main\traffic_assembly_version.X\version_traffic_assembly.asm
                      OP2   0x00001b    program     static C:\Users\irank\Downloads\Task1_4-way_traffic_c-main\traffic_assembly_version.X\version_traffic_assembly.asm
                      OP3   0x000023    program     static C:\Users\irank\Downloads\Task1_4-way_traffic_c-main\traffic_assembly_version.X\version_traffic_assembly.asm
                    START   0x00000d    program     static C:\Users\irank\Downloads\Task1_4-way_traffic_c-main\traffic_assembly_version.X\version_traffic_assembly.asm



                              Symbols - Sorted by Address
                     Name    Address   Location    Storage File                     
                ---------  ---------  ---------  --------- ---------                
                    START   0x00000d    program     static C:\Users\irank\Downloads\Task1_4-way_traffic_c-main\traffic_assembly_version.X\version_traffic_assembly.asm
                      OP1   0x000013    program     static C:\Users\irank\Downloads\Task1_4-way_traffic_c-main\traffic_assembly_version.X\version_traffic_assembly.asm
                      OP2   0x00001b    program     static C:\Users\irank\Downloads\Task1_4-way_traffic_c-main\traffic_assembly_version.X\version_traffic_assembly.asm
                      OP3   0x000023    program     static C:\Users\irank\Downloads\Task1_4-way_traffic_c-main\traffic_assembly_version.X\version_traffic_assembly.asm


